 docker exec -it todo-backend-redis-1 bash
root@5e01f8721acc:/data# redis-cli
127.0.0.1:6379> KEYS *
1) "added_todos"
127.0.0.1:6379> GET("added_todos")
Invalid argument(s)
127.0.0.1:6379> GET(added_todos)
(error) ERR unknown command 'GET(added_todos)', with args beginning with:
127.0.0.1:6379> GET added_todos
"2"
127.0.0.1:6379> SET added_todos 9001
OK
127.0.0.1:6379> DEL added_todos
(integer) 1